// Jest Snapshot v1, https://goo.gl/fbAQLP

exports[`Button component matches snapshot 1`] = `
<DocumentFragment>
  .c0 {
  outline: none;
  display: flex;
  align-items: center;
  border: none;
  border-radius: 36px;
  padding: 8px 32px;
  background-color: #64a98c;
  cursor: pointer;
  height: 56px;
  color: #fff;
  box-shadow: rgba(149, 157, 165, 0.2) 0px 8px 24px;
  font-size: 16px;
  font-weight: 600;
}

.c0:disabled {
  background-color: #ccc;
  opacity: 1;
}

<button
    class="c0"
  >
    Click Me
  </button>
</DocumentFragment>
`;

exports[`Button component should match snapshot 1`] = `
<DocumentFragment>
  .c0 {
  outline: none;
  display: flex;
  align-items: center;
  border: none;
  border-radius: 36px;
  padding: 8px 32px;
  background-color: #64a98c;
  cursor: pointer;
  height: 56px;
  color: #fff;
  box-shadow: rgba(149, 157, 165, 0.2) 0px 8px 24px;
  font-size: 16px;
  font-weight: 600;
}

.c0:disabled {
  background-color: #ccc;
  opacity: 1;
}

<button
    class="c0"
  >
    Click Me
  </button>
</DocumentFragment>
`;
