// Jest Snapshot v1, https://goo.gl/fbAQLP

exports[`ConfirmationModal component should match snapshot when open 1`] = `
<DocumentFragment>
  .c1 {
  background: white;
  border-radius: 0.5rem;
  padding: 1.5rem;
  min-width: 32rem;
  max-width: 95vw;
  box-shadow: 0 2px 10px rgba(0, 0, 0, 0.1);
  z-index: 999;
}

.c2 {
  margin: 0;
}

.c3 {
  margin: 10px 0 1.5rem;
}

.c4 {
  display: flex;
  gap: 1rem;
}

.c4 button {
  width: 100%;
  place-content: center;
  position: absolute;
}

.c5 {
  outline: none;
  display: flex;
  align-items: center;
  border: none;
  border-radius: 1rem;
  padding: 0.5rem 2rem;
  place-content: center;
  cursor: pointer;
  height: 3.5rem;
  box-shadow: rgba(149, 157, 165, 0.2) 0px 0.5rem 1.5rem;
  font-size: 1rem;
  font-weight: 600;
  text-wrap: nowrap;
  border: 2px solid grey;
  color: grey;
  background: transparent;
}

.c5:disabled {
  background-color: #ccc;
  opacity: 1;
}

.c6 {
  outline: none;
  display: flex;
  align-items: center;
  border: none;
  border-radius: 1rem;
  padding: 0.5rem 2rem;
  place-content: center;
  cursor: pointer;
  height: 3.5rem;
  box-shadow: rgba(149, 157, 165, 0.2) 0px 0.5rem 1.5rem;
  font-size: 1rem;
  font-weight: 600;
  text-wrap: nowrap;
  border: 2px solid primary;
  color: primary;
  background: transparent;
}

.c6:disabled {
  background-color: #ccc;
  opacity: 1;
}

.c0 {
  display: flex;
  position: fixed;
  top: 0;
  left: 0;
  right: 0;
  bottom: 0;
  background: rgba(0, 0, 0, 0.5);
  justify-content: center;
  align-items: center;
  z-index: 999;
}

@media screen and (max-width: ${({theme}) => theme.breakpoints.desktop}) {
  .c1 {
    min-width: 50vw;
    margin: 1rem;
  }
}

@media screen and (max-width: ${({theme}) => theme.breakpoints.desktop}) {
  .c4 {
    flex-direction: column-reverse;
  }
}

<div
    class="c0"
    data-testid="confirmation-modal"
  >
    <div
      class="c1"
    >
      <h2
        class="c2"
        id="modal-title"
      >
        Confirm Action
      </h2>
      <p
        class="c3"
      >
        Are you sure you want to proceed?
      </p>
      <div
        class="c4"
      >
        <button
          class="c5"
          color="grey"
          id="cancel-button"
        >
          Cancelar
        </button>
        <button
          class="c6"
          color="primary"
          data-testid="async-button"
          id="confirm-button"
        >
          Yes
        </button>
      </div>
    </div>
  </div>
</DocumentFragment>
`;
