// Jest Snapshot v1, https://goo.gl/fbAQLP

exports[`Spinner component should match snapshot 1`] = `
<DocumentFragment>
  <div
    aria-live="polite"
    class="sc-blHHSb bwjWUl"
    role="status"
  />
</DocumentFragment>
`;
